// Jest Snapshot v1, https://goo.gl/fbAQLP

exports[`<Contributions /> should render without crashing 1`] = `
ShallowWrapper {
  Symbol(enzyme.__root__): [Circular],
  Symbol(enzyme.__unrendered__): <Contributions
    contributions={
        Array [
            Object {
              "author": Object {
                "profile_url_pic": "SomeURL",
                "username": "Jeff",
              },
              "body": "world",
              "id": 1,
              "title": "hello",
            },
          ]
    }
/>,
  Symbol(enzyme.__renderer__): Object {
    "batchedUpdates": [Function],
    "getNode": [Function],
    "render": [Function],
    "simulateError": [Function],
    "simulateEvent": [Function],
    "unmount": [Function],
  },
  Symbol(enzyme.__node__): Object {
    "instance": null,
    "key": undefined,
    "nodeType": "function",
    "props": Object {
      "children": <section
        className="contributions-container"
>
        <div
                className="contribution-header"
        >
                <h2
                        className="contribution-title"
                >
                        Contributions
                </h2>
                <button
                        className="btn-grad btn-small blue-btn"
                        onClick={[Function]}
                >
                        New Contribution
                </button>
        </div>
        <Connect(CommentForm)
                hidden={undefined}
        />
        <div
                className="contribution"
        >
                <h2
                        className="idea-title"
                >
                        hello
                </h2>
                <p
                        className="idea-author"
                >
                        <span
                                className="idea-image"
                        >
                                <img
                                        alt="Jeff"
                                        src="place-holder.png"
                                />
                        </span>
                        Jeff
                </p>
                <p
                        className="idea-content"
                >
                        world
                </p>
        </div>
</section>,
    },
    "ref": null,
    "rendered": Object {
      "instance": null,
      "key": undefined,
      "nodeType": "host",
      "props": Object {
        "children": Array [
          <div
            className="contribution-header"
>
            <h2
                        className="contribution-title"
            >
                        Contributions
            </h2>
            <button
                        className="btn-grad btn-small blue-btn"
                        onClick={[Function]}
            >
                        New Contribution
            </button>
</div>,
          <Connect(CommentForm)
            hidden={undefined}
/>,
          Array [
            <div
              className="contribution"
>
              <h2
                            className="idea-title"
              >
                            hello
              </h2>
              <p
                            className="idea-author"
              >
                            <span
                                          className="idea-image"
                            >
                                          <img
                                                        alt="Jeff"
                                                        src="place-holder.png"
                                          />
                            </span>
                            Jeff
              </p>
              <p
                            className="idea-content"
              >
                            world
              </p>
</div>,
          ],
        ],
        "className": "contributions-container",
      },
      "ref": null,
      "rendered": Array [
        Object {
          "instance": null,
          "key": undefined,
          "nodeType": "host",
          "props": Object {
            "children": Array [
              <h2
                className="contribution-title"
>
                Contributions
</h2>,
              <button
                className="btn-grad btn-small blue-btn"
                onClick={[Function]}
>
                New Contribution
</button>,
            ],
            "className": "contribution-header",
          },
          "ref": null,
          "rendered": Array [
            Object {
              "instance": null,
              "key": undefined,
              "nodeType": "host",
              "props": Object {
                "children": "Contributions",
                "className": "contribution-title",
              },
              "ref": null,
              "rendered": "Contributions",
              "type": "h2",
            },
            Object {
              "instance": null,
              "key": undefined,
              "nodeType": "host",
              "props": Object {
                "children": "New Contribution",
                "className": "btn-grad btn-small blue-btn",
                "onClick": [Function],
              },
              "ref": null,
              "rendered": "New Contribution",
              "type": "button",
            },
          ],
          "type": "div",
        },
        Object {
          "instance": null,
          "key": undefined,
          "nodeType": "class",
          "props": Object {
            "hidden": undefined,
          },
          "ref": null,
          "rendered": null,
          "type": [Function],
        },
        Object {
          "instance": null,
          "key": "1",
          "nodeType": "host",
          "props": Object {
            "children": Array [
              <h2
                className="idea-title"
>
                hello
</h2>,
              <p
                className="idea-author"
>
                <span
                                className="idea-image"
                >
                                <img
                                                alt="Jeff"
                                                src="place-holder.png"
                                />
                </span>
                Jeff
</p>,
              <p
                className="idea-content"
>
                world
</p>,
            ],
            "className": "contribution",
          },
          "ref": null,
          "rendered": Array [
            Object {
              "instance": null,
              "key": undefined,
              "nodeType": "host",
              "props": Object {
                "children": "hello",
                "className": "idea-title",
              },
              "ref": null,
              "rendered": "hello",
              "type": "h2",
            },
            Object {
              "instance": null,
              "key": undefined,
              "nodeType": "host",
              "props": Object {
                "children": Array [
                  <span
                    className="idea-image"
>
                    <img
                                        alt="Jeff"
                                        src="place-holder.png"
                    />
</span>,
                  "Jeff",
                ],
                "className": "idea-author",
              },
              "ref": null,
              "rendered": Array [
                Object {
                  "instance": null,
                  "key": undefined,
                  "nodeType": "host",
                  "props": Object {
                    "children": <img
                      alt="Jeff"
                      src="place-holder.png"
/>,
                    "className": "idea-image",
                  },
                  "ref": null,
                  "rendered": Object {
                    "instance": null,
                    "key": undefined,
                    "nodeType": "host",
                    "props": Object {
                      "alt": "Jeff",
                      "src": "place-holder.png",
                    },
                    "ref": null,
                    "rendered": null,
                    "type": "img",
                  },
                  "type": "span",
                },
                "Jeff",
              ],
              "type": "p",
            },
            Object {
              "instance": null,
              "key": undefined,
              "nodeType": "host",
              "props": Object {
                "children": "world",
                "className": "idea-content",
              },
              "ref": null,
              "rendered": "world",
              "type": "p",
            },
          ],
          "type": "div",
        },
      ],
      "type": "section",
    },
    "type": Symbol(react.fragment),
  },
  Symbol(enzyme.__nodes__): Array [
    Object {
      "instance": null,
      "key": undefined,
      "nodeType": "function",
      "props": Object {
        "children": <section
          className="contributions-container"
>
          <div
                    className="contribution-header"
          >
                    <h2
                              className="contribution-title"
                    >
                              Contributions
                    </h2>
                    <button
                              className="btn-grad btn-small blue-btn"
                              onClick={[Function]}
                    >
                              New Contribution
                    </button>
          </div>
          <Connect(CommentForm)
                    hidden={undefined}
          />
          <div
                    className="contribution"
          >
                    <h2
                              className="idea-title"
                    >
                              hello
                    </h2>
                    <p
                              className="idea-author"
                    >
                              <span
                                        className="idea-image"
                              >
                                        <img
                                                  alt="Jeff"
                                                  src="place-holder.png"
                                        />
                              </span>
                              Jeff
                    </p>
                    <p
                              className="idea-content"
                    >
                              world
                    </p>
          </div>
</section>,
      },
      "ref": null,
      "rendered": Object {
        "instance": null,
        "key": undefined,
        "nodeType": "host",
        "props": Object {
          "children": Array [
            <div
              className="contribution-header"
>
              <h2
                            className="contribution-title"
              >
                            Contributions
              </h2>
              <button
                            className="btn-grad btn-small blue-btn"
                            onClick={[Function]}
              >
                            New Contribution
              </button>
</div>,
            <Connect(CommentForm)
              hidden={undefined}
/>,
            Array [
              <div
                className="contribution"
>
                <h2
                                className="idea-title"
                >
                                hello
                </h2>
                <p
                                className="idea-author"
                >
                                <span
                                                className="idea-image"
                                >
                                                <img
                                                                alt="Jeff"
                                                                src="place-holder.png"
                                                />
                                </span>
                                Jeff
                </p>
                <p
                                className="idea-content"
                >
                                world
                </p>
</div>,
            ],
          ],
          "className": "contributions-container",
        },
        "ref": null,
        "rendered": Array [
          Object {
            "instance": null,
            "key": undefined,
            "nodeType": "host",
            "props": Object {
              "children": Array [
                <h2
                  className="contribution-title"
>
                  Contributions
</h2>,
                <button
                  className="btn-grad btn-small blue-btn"
                  onClick={[Function]}
>
                  New Contribution
</button>,
              ],
              "className": "contribution-header",
            },
            "ref": null,
            "rendered": Array [
              Object {
                "instance": null,
                "key": undefined,
                "nodeType": "host",
                "props": Object {
                  "children": "Contributions",
                  "className": "contribution-title",
                },
                "ref": null,
                "rendered": "Contributions",
                "type": "h2",
              },
              Object {
                "instance": null,
                "key": undefined,
                "nodeType": "host",
                "props": Object {
                  "children": "New Contribution",
                  "className": "btn-grad btn-small blue-btn",
                  "onClick": [Function],
                },
                "ref": null,
                "rendered": "New Contribution",
                "type": "button",
              },
            ],
            "type": "div",
          },
          Object {
            "instance": null,
            "key": undefined,
            "nodeType": "class",
            "props": Object {
              "hidden": undefined,
            },
            "ref": null,
            "rendered": null,
            "type": [Function],
          },
          Object {
            "instance": null,
            "key": "1",
            "nodeType": "host",
            "props": Object {
              "children": Array [
                <h2
                  className="idea-title"
>
                  hello
</h2>,
                <p
                  className="idea-author"
>
                  <span
                                    className="idea-image"
                  >
                                    <img
                                                      alt="Jeff"
                                                      src="place-holder.png"
                                    />
                  </span>
                  Jeff
</p>,
                <p
                  className="idea-content"
>
                  world
</p>,
              ],
              "className": "contribution",
            },
            "ref": null,
            "rendered": Array [
              Object {
                "instance": null,
                "key": undefined,
                "nodeType": "host",
                "props": Object {
                  "children": "hello",
                  "className": "idea-title",
                },
                "ref": null,
                "rendered": "hello",
                "type": "h2",
              },
              Object {
                "instance": null,
                "key": undefined,
                "nodeType": "host",
                "props": Object {
                  "children": Array [
                    <span
                      className="idea-image"
>
                      <img
                                            alt="Jeff"
                                            src="place-holder.png"
                      />
</span>,
                    "Jeff",
                  ],
                  "className": "idea-author",
                },
                "ref": null,
                "rendered": Array [
                  Object {
                    "instance": null,
                    "key": undefined,
                    "nodeType": "host",
                    "props": Object {
                      "children": <img
                        alt="Jeff"
                        src="place-holder.png"
/>,
                      "className": "idea-image",
                    },
                    "ref": null,
                    "rendered": Object {
                      "instance": null,
                      "key": undefined,
                      "nodeType": "host",
                      "props": Object {
                        "alt": "Jeff",
                        "src": "place-holder.png",
                      },
                      "ref": null,
                      "rendered": null,
                      "type": "img",
                    },
                    "type": "span",
                  },
                  "Jeff",
                ],
                "type": "p",
              },
              Object {
                "instance": null,
                "key": undefined,
                "nodeType": "host",
                "props": Object {
                  "children": "world",
                  "className": "idea-content",
                },
                "ref": null,
                "rendered": "world",
                "type": "p",
              },
            ],
            "type": "div",
          },
        ],
        "type": "section",
      },
      "type": Symbol(react.fragment),
    },
  ],
  Symbol(enzyme.__options__): Object {
    "adapter": ReactSixteenAdapter {
      "options": Object {
        "enableComponentDidUpdateOnSetState": true,
        "lifecycles": Object {
          "componentDidUpdate": Object {
            "onSetState": true,
          },
          "getDerivedStateFromProps": true,
          "getSnapshotBeforeUpdate": true,
          "setState": Object {
            "skipsComponentDidUpdateOnNullish": true,
          },
        },
      },
    },
    "attachTo": undefined,
    "disableLifecycleMethods": true,
    "hydrateIn": undefined,
  },
}
`;
